// Jest Snapshot v1, https://goo.gl/fbAQLP

exports[`DateFormatter core should return formatted date in the same timezone as initialized 1`] = `"JulyÂ 22, 2022, 12:34"`;

exports[`DateFormatter core should return formatted date in the same timezone as initialized: ISO 8601-compliant string from Luxon 1`] = `"2022-07-22T12:34:22.123+03:00"`;
